// Jest Snapshot v1, https://goo.gl/fbAQLP

exports[`SubMenuNav renders 1`] = `
<DocumentFragment>
  <button
    class="button button--close layout__close-button layout__close-button--left layout__close-button--content text-right"
    data-testid="sub-menu-nav-close-button"
    type="button"
  >
    <svg
      class="icon"
      fill="none"
      stroke="currentColor"
      viewBox="0 0 24 24"
      xmlns="http://www.w3.org/2000/svg"
    >
      <path
        d="M6 18L18 6M6 6l12 12"
        stroke-linecap="round"
        stroke-linejoin="round"
        stroke-width="2"
      />
    </svg>
    Â [Translation for https://example.com/global/translations.ttl#close does not exist]
  </button>
  <nav
    class="pages-nav pages-nav--sub-menu"
  >
    <ul
      class="nav-pages__list nav-pages__list--sub-menu"
    >
      <li>
        <a
          class="pages-nav__link"
          href="/characters"
        >
          [Translation for https://example.com/global/translations.ttl#charactersPageTitle does not exist]
        </a>
      </li>
      <li>
        <a
          class="pages-nav__link pages-nav__link--selected pages-nav__link--child-selected"
          href="/rules"
        >
          [Translation for https://example.com/global/translations.ttl#rulesPageTitle does not exist]
        </a>
        <ul
          class="ml-4"
        >
          <li>
            <a
              class="pages-nav__link"
              href="/rules/classes"
            >
              [Translation for https://example.com/global/translations.ttl#classesPageTitle does not exist]
            </a>
          </li>
          <li>
            <a
              class="pages-nav__link"
              href="/rules/races"
            >
              [Translation for https://example.com/global/translations.ttl#racesPageTitle does not exist]
            </a>
          </li>
          <li>
            <a
              class="pages-nav__link"
              href="/rules/equipment"
            >
              [Translation for https://example.com/global/translations.ttl#equipmentPageTitle does not exist]
            </a>
          </li>
          <li>
            <a
              class="pages-nav__link"
              href="/rules/spells"
            >
              [Translation for https://example.com/global/translations.ttl#spellsPageTitle does not exist]
            </a>
          </li>
          <li>
            <a
              class="pages-nav__link"
              href="/rules/monsters"
            >
              [Translation for https://example.com/global/translations.ttl#monstersPageTitle does not exist]
            </a>
          </li>
        </ul>
      </li>
      <li>
        <a
          class="pages-nav__link"
          href="/faq"
        >
          [Translation for https://example.com/global/translations.ttl#faqShort does not exist]
        </a>
      </li>
      <li>
        <a
          class="pages-nav__link"
          href="/about"
        >
          [Translation for https://example.com/global/translations.ttl#aboutPageTitle does not exist]
        </a>
      </li>
    </ul>
  </nav>
</DocumentFragment>
`;
