// Jest Snapshot v1, https://goo.gl/fbAQLP

exports[`LocaleSelector renders controls to select other languages if multiple languages are given 1`] = `
<DocumentFragment>
  <span
    data-testid="locale-selector-language"
  >
    <a
      class="bg-gray-100 py-1 px-2 rounded hover:bg-gray-300 focus:outline-none focus:ring-2 focus:ring-gray-800"
      href="/?locale=%F0%9F%87%B3%F0%9F%87%B4"
    >
      ðŸ‡ºðŸ‡¸Â [Translation for https://example.com/global/translations.ttl#translateTo does not exist]
    </a>
  </span>
</DocumentFragment>
`;

exports[`LocaleSelector renders nothing when only one language is given 1`] = `<DocumentFragment />`;
