// Jest Snapshot v1, https://goo.gl/fbAQLP

exports[`Loading renders 1`] = `
<DocumentFragment>
  <div
    data-testid="loading"
  >
    Loading...
  </div>
</DocumentFragment>
`;
