// Jest Snapshot v1, https://goo.gl/fbAQLP

exports[`Content renders 1`] = `
<DocumentFragment>
  <div
    class="content leading-normal max-w-3xl mx-auto"
  >
    test
  </div>
</DocumentFragment>
`;
