// Jest Snapshot v1, https://goo.gl/fbAQLP

exports[`Date renders a date 1`] = `
<DocumentFragment>
  <time
    datetime="2014-07-02T22:00:00.000Z"
  >
    July 3, 2014
  </time>
</DocumentFragment>
`;
