// Jest Snapshot v1, https://goo.gl/fbAQLP

exports[`Logo renders 1`] = `
<DocumentFragment>
  <picture
    class="block"
  >
    <source
      media="(min-width: 640px)"
      srcset="/icons/app/icons8-dungeons-and-dragons-128.png"
    />
    <source
      media="(min-width: 480px)"
      srcset="/icons/app/icons8-dungeons-and-dragons-96.png"
    />
    <img
      alt="[Translation for https://example.com/global/translations.ttl#appLogoDescription does not exist]"
      src="/icons/app/icons8-dungeons-and-dragons-64.png"
    />
  </picture>
</DocumentFragment>
`;
