// Jest Snapshot v1, https://goo.gl/fbAQLP

exports[`PageFooter renders 1`] = `
<DocumentFragment>
  <footer
    class="main-container main-container--content mt-8 text-center sm:text-left xs:flex xs:space-x-4 items-center justify-center sm:justify-start"
  >
    <div
      class="md:flex-grow pb-2 flex space-x-1 justify-center sm:justify-start"
    >
      <a
        class="link"
        href="/about"
      >
        aboutPageTitle
      </a>
      <a
        class="link"
        href="/faq"
      >
        faqShort
      </a>
    </div>
    <div
      class="pb-2 flex xs:space-x-2 space-y-2 xs:space-y-0 flex-col text-center xs:flex-row xs:justify-center"
    >
      <button
        class="button"
        data-testid="dark-mode-selector-button"
        type="button"
      >
        <span>
          ðŸŒ™Â darkModeTurnOn
        </span>
      </button>
    </div>
  </footer>
</DocumentFragment>
`;
