// Jest Snapshot v1, https://goo.gl/fbAQLP

exports[`SplashPage renders 1`] = `
<DocumentFragment>
  <div
    class="flex-1 flex flex-col relative min-h-full"
  >
    <main>
      <section
        class="hero"
      >
        <header
          class="pb-1 bg-white dark:bg-gray-800"
        >
          <div
            class="main-container main-container--content flex"
          >
            <a
              class="focus:outline-none focus:ring-2 focus:ring-red-600"
              href="/"
            >
              <picture
                class="block"
              >
                <source
                  media="(min-width: 640px)"
                  srcset="/icons/app/icons8-dungeons-and-dragons-128.png"
                />
                <source
                  media="(min-width: 480px)"
                  srcset="/icons/app/icons8-dungeons-and-dragons-96.png"
                />
                <img
                  alt="[Translation for https://example.com/global/translations.ttl#appLogoDescription does not exist]"
                  src="/icons/app/icons8-dungeons-and-dragons-64.png"
                />
              </picture>
            </a>
            <div
              class="flex-1"
            >
              <div
                class="font-serif self-center"
              >
                <a
                  class="focus:outline-none focus:ring-2 focus:ring-red-600"
                  href="/"
                >
                  [Translation for https://example.com/global/translations.ttl#appName does not exist]
                </a>
              </div>
              <nav
                class="pages-nav pages-nav--main-menu"
              >
                <ul
                  class="pages-nav__list pages-nav__list--main-menu"
                >
                  <li
                    class="flex"
                    data-testid="main-nav-list-item"
                  >
                    <a
                      class="pages-nav__link pages-nav__link--main-menu"
                      href="/characters"
                    >
                      [Translation for https://example.com/global/translations.ttl#charactersPageTitle does not exist]
                    </a>
                  </li>
                  <li
                    class="flex"
                    data-testid="main-nav-list-item"
                  >
                    <a
                      class="pages-nav__link pages-nav__link--main-menu"
                      href="/rules"
                    >
                      [Translation for https://example.com/global/translations.ttl#rulesPageTitle does not exist]
                    </a>
                  </li>
                </ul>
              </nav>
            </div>
          </div>
        </header>
        <div
          class="flex-1 flex flex-col justify-center items-center leading-normal px-4 bg-gradient-to-t from-white dark:from-gray-800 to-white dark:to-gray-800 via-transparent dark:via-transparent relative text-center"
        >
          <div
            class="p-4 py-2 bg-white dark:bg-gray-800 bg-opacity-75 dark:bg-opacity-90 rounded max-w-lg"
          >
            <h1
              class="text-3xl xs:text-4xl sm:text-6xl my-2 font-serif font-semibold"
            >
              [Translation for https://example.com/global/translations.ttl#appName does not exist]
            </h1>
            <p
              class="my-1 max-w-xl"
            >
              [Translation for https://example.com/global/translations.ttl#appPitch does not exist]
            </p>
            <div
              class="bg-yellow-200 text-yellow-900 border-yellow-400 border px-2 py-1 rounded-sm mb-2"
            >
              [Translation for https://example.com/global/translations.ttl#workInProgress does not exist]
            </div>
            <a
              class="link block my-2 max-w-prose text-center"
              href="/about"
            >
              [Translation for https://example.com/global/translations.ttl#learnMore does not exist]
            </a>
          </div>
          <p
            class="text-xs text-gray-600 absolute bottom-1 right-2"
          >
            Photo by 
            <a
              class="link link--subtle"
              href="https://unsplash.com/@steve_j?utm_source=unsplash&utm_medium=referral&utm_content=creditCopyText"
            >
              Steve Johnson
            </a>
             on 
            <a
              class="link link--subtle"
              href="https://unsplash.com/s/photos/pen-and-paper?utm_source=unsplash&utm_medium=referral&utm_content=creditCopyText"
            >
              Unsplash
            </a>
          </p>
        </div>
      </section>
      <section
        class="text-center my-16 px-4 sm:px-0 flex flex-col sm:flex-row max-w-prose mx-auto"
      >
        <div
          class="content leading-normal max-w-prose mx-auto flex-1 flex flex-col justify-center"
          style="hyphens: manual;"
        >
          <img
            alt="[Translation for https://example.com/global/translations.ttl#solidLogo does not exist]"
            class="mx-auto"
            src="/logos/solid-emblem.svg"
            style="max-height: 175px; max-width: 200px;"
          />
          <h2
            class="px-4"
          >
            [Translation for https://example.com/global/translations.ttl#logInPitch does not exist]
          </h2>
        </div>
        <div
          class="flex-1 flex flex-col justify-center"
        >
          <div
            class="content leading-normal max-w-prose mx-auto mb-4"
            style="hyphens: auto;"
          >
            <p>
              [Translation for https://example.com/global/translations.ttl#authenticationGuidance does not exist]
            </p>
          </div>
          <ul
            class="flex flex-col space-y-2 xs:max-w-xs md:max-w-full mx-auto"
          >
            <li
              class="flex-1"
            >
              <button
                class="button button--solid block w-full"
                data-testid="login-button"
                type="button"
              >
                Inrupt Pod Spaces
              </button>
            </li>
            <li
              class="flex-1"
            >
              <button
                class="button button--solid block w-full"
                data-testid="login-button"
                type="button"
              >
                solidcommunity.net
              </button>
            </li>
            <li
              class="flex-1"
            >
              <button
                class="button button--solid block w-full"
                data-testid="login-button"
                type="button"
              >
                inrupt.net
              </button>
            </li>
            <li
              class="flex-1"
            >
              <a
                class="button button--solid block w-full"
                href="/login?idp"
              >
                [Translation for https://example.com/global/translations.ttl#provideIdP does not exist]
              </a>
            </li>
          </ul>
          <div
            class="content leading-normal max-w-prose mx-auto mt-4"
            style="hyphens: auto;"
          >
            <a
              href="/signup"
            >
              [Translation for https://example.com/global/translations.ttl#signupGuidance does not exist]
            </a>
          </div>
        </div>
      </section>
      <footer
        class="main-container main-container--content mt-8 text-center sm:text-left xs:flex xs:space-x-4 items-center justify-center sm:justify-start"
      >
        <div
          class="md:flex-grow pb-2 flex space-x-1 justify-center sm:justify-start"
        >
          <a
            class="link"
            href="/about"
          >
            [Translation for https://example.com/global/translations.ttl#aboutTitle does not exist]
          </a>
          <a
            class="link"
            href="/faq"
          >
            [Translation for https://example.com/global/translations.ttl#faqShort does not exist]
          </a>
        </div>
        <div
          class="pb-2 flex xs:space-x-2 space-y-2 xs:space-y-0 flex-col text-center xs:flex-row xs:justify-center"
        >
          <button
            class="button"
            data-testid="dark-mode-selector-button"
            type="button"
          >
            <span>
              ðŸŒ™Â [Translation for https://example.com/global/translations.ttl#darkModeTurnOn does not exist]
            </span>
          </button>
        </div>
      </footer>
    </main>
  </div>
</DocumentFragment>
`;
