// Jest Snapshot v1, https://goo.gl/fbAQLP

exports[`LoginButton renders 1`] = `
<DocumentFragment>
  <button
    class="test"
    data-testid="login-button"
    type="button"
  >
    test
  </button>
</DocumentFragment>
`;
