// Jest Snapshot v1, https://goo.gl/fbAQLP

exports[`Unauthenticated renders 1`] = `
<DocumentFragment>
  <div
    class="text-center"
  >
    <h2
      class="font-bold text-xl"
    >
      [Translation for https://example.com/global/translations.ttl#recommendedIdPSet does not exist]
    </h2>
    <ul
      class="flex flex-col space-y-2 my-2"
    >
      <li>
        <button
          class="button button--solid w-full"
          data-testid="login-button"
          type="button"
        >
          Inrupt Pod Spaces
        </button>
      </li>
      <li>
        <button
          class="button button--solid w-full"
          data-testid="login-button"
          type="button"
        >
          solidcommunity.net
        </button>
      </li>
      <li>
        <button
          class="button button--solid w-full"
          data-testid="login-button"
          type="button"
        >
          inrupt.net
        </button>
      </li>
    </ul>
    <h2
      class="line-behind font-bold text-xl"
    >
      <span
        class="line-behind__line"
      />
      <span
        class="bg-white dark:bg-gray-800 lg:bg-white lg:dark:bg-gray-800"
      >
        [Translation for https://example.com/global/translations.ttl#or does not exist]
      </span>
    </h2>
    <form
      class="mt-2 md:mt-0 text-left"
    >
      <img
        alt="[Translation for https://example.com/global/translations.ttl#logInImage does not exist]"
        class="mx-auto hidden md:block"
        src="/logos/solid-emblem.svg"
        style="max-width: 200px;"
      />
      <label
        class="label"
        for="idp"
      >
        [Translation for https://example.com/global/translations.ttl#solidIdP does not exist]
        <input
          class="input"
          data-testid="login-form-idp-field"
          id="idp"
          placeholder="https://"
          required=""
          type="url"
          value=""
        />
      </label>
      <label
        class="label"
        for="rememberIdp"
      >
        <input
          class="checkbox"
          data-testid="login-form-remember-checkbox"
          id="rememberIdp"
          type="checkbox"
        />
        <span
          class="label__text"
        >
          [Translation for https://example.com/global/translations.ttl#rememberIdP does not exist]
        </span>
      </label>
      <button
        class="button w-full"
        data-testid="login-form-button"
        type="submit"
      >
        [Translation for https://example.com/global/translations.ttl#logIn does not exist]
      </button>
      <div
        class="mt-4"
      >
        <a
          class="link"
          href="/signup"
        >
          [Translation for https://example.com/global/translations.ttl#signupSolidPrompt does not exist]
        </a>
      </div>
    </form>
  </div>
</DocumentFragment>
`;
